// Jest Snapshot v1, https://goo.gl/fbAQLP

exports[`ReviewsList should render correctly 1`] = `
Array [
  <h2
    className="reviews__title"
  >
    Reviews Â· 
    <span
      className="reviews__amount"
    >
      1
    </span>
  </h2>,
  <ul
    className="reviews__list"
  >
    <li
      className="reviews__item"
    >
      <div
        className="reviews__user user"
      >
        <div
          className="reviews__avatar-wrapper user__avatar-wrapper"
        >
          <img
            alt="Reviews avatar"
            className="reviews__avatar user__avatar"
            height="54"
            src="http://picsum.photos/90/90?r=1"
            width="54"
          />
        </div>
        <span
          className="reviews__user-name"
        >
          John
        </span>
      </div>
      <div
        className="reviews__info"
      >
        <div
          className="reviews__rating rating"
        >
          <div
            className="reviews__stars rating__stars"
          >
            <span
              style={
                Object {
                  "width": "60%",
                }
              }
            />
            <span
              className="visually-hidden"
            >
              3.3
            </span>
          </div>
        </div>
        <p
          className="reviews__text"
        >
          A quiet cozy and picturesque that hides behind a river by the unique lightness of Amsterdam.
      The building is green and from 18th century.
        </p>
        <time
          className="reviews__time"
          dateTime="2020-07-02"
        >
          July 2020
        </time>
      </div>
    </li>
  </ul>,
]
`;
