// Jest Snapshot v1, https://goo.gl/fbAQLP

exports[`PlacesList should render correctlt 1`] = `
<div
  className="places__list cities__places-list tabs__content"
>
  <article
    className="place-card cities__place-card"
    onMouseEnter={[Function]}
  >
    
    <div
      className="place-card__image-wrapper cities__image-wrapper"
    >
      <a
        href="/"
      >
        <img
          alt="property image"
          className="place-card__image"
          height="200"
          src="http://picsum.photos/260/200?r=1"
          width="260"
        />
      </a>
    </div>
    <div
      className="place-card__info"
    >
      <div
        className="place-card__price-wrapper"
      >
        <div
          className="place-card__price"
        >
          <b
            className="place-card__price-value"
          >
            €
            110
          </b>
          <span
            className="place-card__price-text"
          >
            / night
          </span>
        </div>
        <button
          className="place-card__bookmark-button button"
          type="button"
        >
          <svg
            className="place-card__bookmark-icon"
            height="19"
            width="18"
          >
            <use
              xlinkHref="#icon-bookmark"
            />
          </svg>
          <span
            className="visually-hidden"
          >
            To bookmarks
          </span>
        </button>
      </div>
      <div
        className="place-card__rating rating"
      >
        <div
          className="place-card__stars rating__stars"
        >
          <span
            style={
              Object {
                "width": "96%",
              }
            }
          />
          <span
            className="visually-hidden"
          >
            4.8
          </span>
        </div>
      </div>
      <h2
        className="place-card__name"
      >
        <a
          href="/"
          onClick={[Function]}
        >
          Beautiful & luxurious studio at great location
        </a>
      </h2>
      <p
        className="place-card__type"
      >
        apartment
      </p>
    </div>
  </article>
  <article
    className="place-card cities__place-card"
    onMouseEnter={[Function]}
  >
    
    <div
      className="place-card__image-wrapper cities__image-wrapper"
    >
      <a
        href="/"
      >
        <img
          alt="property image"
          className="place-card__image"
          height="200"
          src="http://picsum.photos/260/200?r=2"
          width="260"
        />
      </a>
    </div>
    <div
      className="place-card__info"
    >
      <div
        className="place-card__price-wrapper"
      >
        <div
          className="place-card__price"
        >
          <b
            className="place-card__price-value"
          >
            €
            80
          </b>
          <span
            className="place-card__price-text"
          >
            / night
          </span>
        </div>
        <button
          className="place-card__bookmark-button button"
          type="button"
        >
          <svg
            className="place-card__bookmark-icon"
            height="19"
            width="18"
          >
            <use
              xlinkHref="#icon-bookmark"
            />
          </svg>
          <span
            className="visually-hidden"
          >
            To bookmarks
          </span>
        </button>
      </div>
      <div
        className="place-card__rating rating"
      >
        <div
          className="place-card__stars rating__stars"
        >
          <span
            style={
              Object {
                "width": "56%",
              }
            }
          />
          <span
            className="visually-hidden"
          >
            2.8
          </span>
        </div>
      </div>
      <h2
        className="place-card__name"
      >
        <a
          href="/"
          onClick={[Function]}
        >
          Beautiful & luxurious studio at great location
        </a>
      </h2>
      <p
        className="place-card__type"
      >
        room
      </p>
    </div>
  </article>
  <article
    className="place-card cities__place-card"
    onMouseEnter={[Function]}
  >
    
    <div
      className="place-card__image-wrapper cities__image-wrapper"
    >
      <a
        href="/"
      >
        <img
          alt="property image"
          className="place-card__image"
          height="200"
          src="http://picsum.photos/260/200?r=3"
          width="260"
        />
      </a>
    </div>
    <div
      className="place-card__info"
    >
      <div
        className="place-card__price-wrapper"
      >
        <div
          className="place-card__price"
        >
          <b
            className="place-card__price-value"
          >
            €
            20
          </b>
          <span
            className="place-card__price-text"
          >
            / night
          </span>
        </div>
        <button
          className="place-card__bookmark-button button"
          type="button"
        >
          <svg
            className="place-card__bookmark-icon"
            height="19"
            width="18"
          >
            <use
              xlinkHref="#icon-bookmark"
            />
          </svg>
          <span
            className="visually-hidden"
          >
            To bookmarks
          </span>
        </button>
      </div>
      <div
        className="place-card__rating rating"
      >
        <div
          className="place-card__stars rating__stars"
        >
          <span
            style={
              Object {
                "width": "76%",
              }
            }
          />
          <span
            className="visually-hidden"
          >
            3.8
          </span>
        </div>
      </div>
      <h2
        className="place-card__name"
      >
        <a
          href="/"
          onClick={[Function]}
        >
          Beautiful & luxurious studio at great location
        </a>
      </h2>
      <p
        className="place-card__type"
      >
        house
      </p>
    </div>
  </article>
  <article
    className="place-card cities__place-card"
    onMouseEnter={[Function]}
  >
    
    <div
      className="place-card__image-wrapper cities__image-wrapper"
    >
      <a
        href="/"
      >
        <img
          alt="property image"
          className="place-card__image"
          height="200"
          src="http://picsum.photos/260/200?r=4"
          width="260"
        />
      </a>
    </div>
    <div
      className="place-card__info"
    >
      <div
        className="place-card__price-wrapper"
      >
        <div
          className="place-card__price"
        >
          <b
            className="place-card__price-value"
          >
            €
            100
          </b>
          <span
            className="place-card__price-text"
          >
            / night
          </span>
        </div>
        <button
          className="place-card__bookmark-button button"
          type="button"
        >
          <svg
            className="place-card__bookmark-icon"
            height="19"
            width="18"
          >
            <use
              xlinkHref="#icon-bookmark"
            />
          </svg>
          <span
            className="visually-hidden"
          >
            To bookmarks
          </span>
        </button>
      </div>
      <div
        className="place-card__rating rating"
      >
        <div
          className="place-card__stars rating__stars"
        >
          <span
            style={
              Object {
                "width": "100%",
              }
            }
          />
          <span
            className="visually-hidden"
          >
            5
          </span>
        </div>
      </div>
      <h2
        className="place-card__name"
      >
        <a
          href="/"
          onClick={[Function]}
        >
          Beautiful & luxurious studio at great location
        </a>
      </h2>
      <p
        className="place-card__type"
      >
        hotel
      </p>
    </div>
  </article>
  <article
    className="place-card cities__place-card"
    onMouseEnter={[Function]}
  >
    
    <div
      className="place-card__image-wrapper cities__image-wrapper"
    >
      <a
        href="/"
      >
        <img
          alt="property image"
          className="place-card__image"
          height="200"
          src="http://picsum.photos/260/200?r=5"
          width="260"
        />
      </a>
    </div>
    <div
      className="place-card__info"
    >
      <div
        className="place-card__price-wrapper"
      >
        <div
          className="place-card__price"
        >
          <b
            className="place-card__price-value"
          >
            €
            130
          </b>
          <span
            className="place-card__price-text"
          >
            / night
          </span>
        </div>
        <button
          className="place-card__bookmark-button button"
          type="button"
        >
          <svg
            className="place-card__bookmark-icon"
            height="19"
            width="18"
          >
            <use
              xlinkHref="#icon-bookmark"
            />
          </svg>
          <span
            className="visually-hidden"
          >
            To bookmarks
          </span>
        </button>
      </div>
      <div
        className="place-card__rating rating"
      >
        <div
          className="place-card__stars rating__stars"
        >
          <span
            style={
              Object {
                "width": "48%",
              }
            }
          />
          <span
            className="visually-hidden"
          >
            2.4
          </span>
        </div>
      </div>
      <h2
        className="place-card__name"
      >
        <a
          href="/"
          onClick={[Function]}
        >
          Beautiful & luxurious studio at great location
        </a>
      </h2>
      <p
        className="place-card__type"
      >
        hotel
      </p>
    </div>
  </article>
  <article
    className="place-card cities__place-card"
    onMouseEnter={[Function]}
  >
    
    <div
      className="place-card__image-wrapper cities__image-wrapper"
    >
      <a
        href="/"
      >
        <img
          alt="property image"
          className="place-card__image"
          height="200"
          src="http://picsum.photos/260/200?r=6"
          width="260"
        />
      </a>
    </div>
    <div
      className="place-card__info"
    >
      <div
        className="place-card__price-wrapper"
      >
        <div
          className="place-card__price"
        >
          <b
            className="place-card__price-value"
          >
            €
            160
          </b>
          <span
            className="place-card__price-text"
          >
            / night
          </span>
        </div>
        <button
          className="place-card__bookmark-button button"
          type="button"
        >
          <svg
            className="place-card__bookmark-icon"
            height="19"
            width="18"
          >
            <use
              xlinkHref="#icon-bookmark"
            />
          </svg>
          <span
            className="visually-hidden"
          >
            To bookmarks
          </span>
        </button>
      </div>
      <div
        className="place-card__rating rating"
      >
        <div
          className="place-card__stars rating__stars"
        >
          <span
            style={
              Object {
                "width": "70%",
              }
            }
          />
          <span
            className="visually-hidden"
          >
            3.5
          </span>
        </div>
      </div>
      <h2
        className="place-card__name"
      >
        <a
          href="/"
          onClick={[Function]}
        >
          Beautiful & luxurious studio at great location
        </a>
      </h2>
      <p
        className="place-card__type"
      >
        hotel
      </p>
    </div>
  </article>
</div>
`;
